// Jest Snapshot v1, https://goo.gl/fbAQLP

exports[`Button tests creates a snapshot 1`] = `
<DocumentFragment>
  <button />
</DocumentFragment>
`;
