// Jest Snapshot v1, https://goo.gl/fbAQLP

exports[`SearchBoxIcon tests creates a snapshot 1`] = `
<DocumentFragment>
  <img
    src="search-icon.svg"
  />
</DocumentFragment>
`;
